[iremovalpro.com/index.html]
[iremovalpro.com/icone.ico]
[backblue.gif]
[fade.gif]
[index.html]
[iremovalpro.com/dist/css/style.css]
[widget.trustpilot.com/bootstrap/v5/tp.widget.bootstrap.min.js]
[unpkg.com/animejs@3.0.1/lib/anime.min.js]
[unpkg.com/scrollreveal@4.0.0/dist/scrollreveal.min.js]
[invitejs.trustpilot.com/tp.min.js]
[iremovalpro.com/Paya12.html]
[iremovalpro.com/terms-of-agreement.html]
[iremovalpro.com/privacy.html]
[iremovalpro.com/refund-policy.html]
[images.dmca.com/Badges/dmca-badge-w100-2x1-021df2.png]
[images.dmca.com/Badges/DMCABadgeHelper.min.js]
[iremovalpro.com/dist/js/main.min.js]
[iremovalpro.com/index.html]
[iremovalpro.com/js/vendor.js]
[iremovalpro.com/dist/images/hero-back-illustration.svg]
[iremovalpro.com/dist/images/pricing-illustration.svg]
[iremovalpro.com/dist/css/style.css]
[iremovalpro.com/dist/images/cta-illustration.svg]
[iremovalpro.com/xhr.js]
[iremovalpro.com/GET]
[iremovalpro.com/lib/widget-management.js]
[widget.trustpilot.com/bootstrap/v5/tp.widget.bootstrap.min.js]
[iremovalpro.com/images/favicon-32x32.png]
[iremovalpro.com/terms-of-agreement]
[iremovalpro.com/Paya12.html]
[iremovalpro.com/terms-of-agreement.html]
[iremovalpro.com/privacy.html]
[iremovalpro.com/refund-policy.html]
[iremovalpro.com/dist/images/hero-back-illustration.svg]
[iremovalpro.com/dist/images/pricing-illustration.svg]
[iremovalpro.com/dist/images/cta-illustration.svg]
[iremovalpro.com/xhr.html]
[iremovalpro.com/GET.html]
[iremovalpro.com/lib/widget-management.html]
[iremovalpro.com/images/favicon-32x32.html]
[iremovalpro.com/terms-of-agreement-2.html]
